// Jest Snapshot v1, https://goo.gl/fbAQLP

exports[`renders correctly 1`] = `
<View
  style={
    Array [
      Object {
        "alignItems": "center",
        "flex": 1,
        "justifyContent": "center",
      },
      Object {
        "maxWidth": 0.3,
      },
    ]
  }
>
  <View
    style={
      Array [
        Object {
          "flex": 1,
          "flexDirection": "row",
        },
        Object {
          "maxWidth": 0.3,
        },
      ]
    }
  >
    <View
      style={
        Object {
          "alignItems": "center",
          "flex": 1,
          "flexDirection": "row",
          "justifyContent": "space-between",
        }
      }
    >
      <View
        style={
          Array [
            Object {
              "borderRadius": 100,
              "flex": 1,
            },
            Object {
              "backgroundColor": "grey",
              "height": 12,
              "maxHeight": 12,
              "maxWidth": 12,
              "opacity": 0.35,
              "width": 12,
            },
          ]
        }
      />
      <View
        style={
          Array [
            Object {
              "borderRadius": 100,
              "flex": 1,
            },
            Object {
              "backgroundColor": "grey",
              "height": 12,
              "maxHeight": 12,
              "maxWidth": 12,
              "opacity": 0.35,
              "width": 12,
            },
          ]
        }
      />
      <View
        style={
          Array [
            Object {
              "borderRadius": 100,
              "flex": 1,
            },
            Object {
              "backgroundColor": "grey",
              "height": 12,
              "maxHeight": 12,
              "maxWidth": 12,
              "opacity": 0.35,
              "width": 12,
            },
          ]
        }
      />
    </View>
  </View>
  <View
    style={
      Array [
        Object {
          "flex": 1,
          "flexDirection": "row",
          "position": "absolute",
        },
      ]
    }
  >
    <View
      style={
        Object {
          "alignItems": "center",
          "flex": 1,
          "flexDirection": "row",
          "justifyContent": "flex-start",
        }
      }
    >
      <View
        style={
          Object {
            "backgroundColor": "white",
            "borderRadius": 100,
            "flex": 1,
            "height": 12,
            "marginLeft": 0,
            "maxHeight": 12,
            "maxWidth": 0,
            "width": 0,
          }
        }
      />
    </View>
  </View>
</View>
`;
