// Jest Snapshot v1, https://goo.gl/fbAQLP

exports[`renders correctly 1`] = `
<View
  style={
    Array [
      Object {
        "alignItems": "center",
        "flex": 1,
        "justifyContent": "flex-start",
      },
      Object {
        "backgroundColor": "white",
      },
    ]
  }
>
  <View
    style={
      Array [
        Object {
          "alignItems": "center",
          "flex": 1,
          "flexDirection": "column",
          "justifyContent": "space-around",
          "marginTop": 10,
          "maxHeight": 1133.8999999999999,
        },
        Object {
          "height": 1200.6000000000001,
          "maxHeight": 1200.6000000000001,
        },
      ]
    }
  >
    <Text
      style={
        Object {
          "color": "white",
          "fontSize": 24,
          "textAlign": "center",
        }
      }
    >
      Test Item
    </Text>
    <View>
      <Text
        style={
          Object {
            "color": "white",
            "fontSize": 15,
            "lineHeight": 24,
            "marginLeft": 20,
            "marginRight": 20,
            "textAlign": "center",
          }
        }
      >
        Test item text
      </Text>
      <View
        accessible={true}
        focusable={true}
        onClick={[Function]}
        onResponderGrant={[Function]}
        onResponderMove={[Function]}
        onResponderRelease={[Function]}
        onResponderTerminate={[Function]}
        onResponderTerminationRequest={[Function]}
        onStartShouldSetResponder={[Function]}
        style={
          Object {
            "opacity": 1,
          }
        }
      >
        <Text
          style={
            Object {
              "color": "#2f39ff",
              "fontSize": 15,
              "marginLeft": 20,
              "marginRight": 20,
              "textAlign": "center",
              "textDecorationLine": "underline",
            }
          }
        >
          https://rnstudio.hu
        </Text>
      </View>
    </View>
  </View>
</View>
`;
