// Jest Snapshot v1, https://goo.gl/fbAQLP

exports[`renders correctly 1`] = `
<View
  style={
    Array [
      Object {
        "alignItems": "center",
        "flex": 1,
        "justifyContent": "center",
      },
      Object {
        "maxWidth": 150,
      },
    ]
  }
>
  <View
    accessible={true}
    focusable={true}
    onClick={[Function]}
    onResponderGrant={[Function]}
    onResponderMove={[Function]}
    onResponderRelease={[Function]}
    onResponderTerminate={[Function]}
    onResponderTerminationRequest={[Function]}
    onStartShouldSetResponder={[Function]}
    style={
      Object {
        "opacity": 1,
      }
    }
  >
    <View
      style={
        Object {
          "opacity": 0,
        }
      }
    >
      <Text
        style={
          Object {
            "color": "white",
            "fontSize": 14,
            "fontWeight": "bold",
            "textTransform": "uppercase",
          }
        }
      >
        Test next label
      </Text>
    </View>
  </View>
</View>
`;
