// Jest Snapshot v1, https://goo.gl/fbAQLP

exports[`renders correctly 1`] = `
Array [
  <View
    onMoveShouldSetResponder={[Function]}
    onMoveShouldSetResponderCapture={[Function]}
    onResponderEnd={[Function]}
    onResponderGrant={[Function]}
    onResponderMove={[Function]}
    onResponderReject={[Function]}
    onResponderRelease={[Function]}
    onResponderStart={[Function]}
    onResponderTerminate={[Function]}
    onResponderTerminationRequest={[Function]}
    onStartShouldSetResponder={[Function]}
    onStartShouldSetResponderCapture={[Function]}
    style={
      Object {
        "flex": 1,
        "flexDirection": "row",
        "marginLeft": 0,
        "maxWidth": 750,
      }
    }
  >
    <View
      style={
        Object {
          "width": 750,
        }
      }
    >
      <View
        style={
          Array [
            Object {
              "alignItems": "center",
              "flex": 1,
              "justifyContent": "flex-start",
            },
            Object {
              "backgroundColor": undefined,
            },
          ]
        }
      >
        <View
          style={
            Array [
              Object {
                "alignItems": "center",
                "flex": 1,
                "flexDirection": "column",
                "justifyContent": "space-around",
                "marginTop": 10,
                "maxHeight": 1133.8999999999999,
              },
              Object {
                "height": 1040.52,
                "maxHeight": 1040.52,
              },
            ]
          }
        >
          <Text
            style={
              Object {
                "color": "white",
                "fontSize": 24,
                "textAlign": "center",
              }
            }
          >
            Test title
          </Text>
          <View>
            <Text
              style={
                Object {
                  "color": "white",
                  "fontSize": 15,
                  "lineHeight": 24,
                  "marginLeft": 20,
                  "marginRight": 20,
                  "textAlign": "center",
                }
              }
            >
              Test string
            </Text>
          </View>
        </View>
      </View>
    </View>
  </View>,
  <View
    style={
      Array [
        Object {
          "alignItems": "center",
          "flex": 1,
          "flexDirection": "column",
          "justifyContent": "flex-end",
          "maxWidth": "100%",
          "position": "absolute",
          "width": "100%",
        },
        Object {
          "bottom": 0,
          "height": 70,
          "maxHeight": 70,
        },
      ]
    }
  >
    <View
      style={
        Array [
          Object {
            "alignItems": "center",
            "flex": 1,
            "justifyContent": "space-between",
          },
          Object {
            "flexDirection": "row",
          },
        ]
      }
    >
      <View
        style={
          Array [
            Object {
              "alignItems": "center",
              "flex": 1,
              "justifyContent": "center",
            },
            Object {
              "maxWidth": 186.5,
            },
          ]
        }
      >
        <View
          accessible={true}
          focusable={true}
          onClick={[Function]}
          onResponderGrant={[Function]}
          onResponderMove={[Function]}
          onResponderRelease={[Function]}
          onResponderTerminate={[Function]}
          onResponderTerminationRequest={[Function]}
          onStartShouldSetResponder={[Function]}
          style={
            Object {
              "opacity": 1,
            }
          }
        >
          <View
            style={
              Object {
                "maxWidth": 186.5,
                "opacity": 0,
              }
            }
          >
            <View
              style={
                Object {
                  "alignItems": "center",
                  "justifyContent": "center",
                }
              }
            >
              <Text
                style={
                  Object {
                    "color": "white",
                    "fontSize": 14,
                    "fontWeight": "bold",
                    "textTransform": "uppercase",
                  }
                }
              >
                Skip
              </Text>
            </View>
          </View>
        </View>
      </View>
      <View
        style={
          Array [
            Object {
              "alignItems": "center",
              "flex": 1,
              "justifyContent": "center",
            },
            Object {
              "maxWidth": 375,
            },
          ]
        }
      >
        <View
          style={
            Array [
              Object {
                "flex": 1,
                "flexDirection": "row",
              },
              Object {
                "maxWidth": 375,
              },
            ]
          }
        >
          <View
            style={
              Object {
                "alignItems": "center",
                "flex": 1,
                "flexDirection": "row",
                "justifyContent": "space-between",
              }
            }
          >
            <View
              style={
                Array [
                  Object {
                    "borderRadius": 100,
                    "flex": 1,
                  },
                  Object {
                    "backgroundColor": "grey",
                    "height": 12,
                    "maxHeight": 12,
                    "maxWidth": 12,
                    "opacity": 0.35,
                    "width": 12,
                  },
                ]
              }
            />
          </View>
        </View>
        <View
          style={
            Array [
              Object {
                "flex": 1,
                "flexDirection": "row",
                "position": "absolute",
              },
            ]
          }
        >
          <View
            style={
              Object {
                "alignItems": "center",
                "flex": 1,
                "flexDirection": "row",
                "justifyContent": "flex-start",
              }
            }
          >
            <View
              style={
                Object {
                  "backgroundColor": "white",
                  "borderRadius": 100,
                  "flex": 1,
                  "height": 12,
                  "marginLeft": 0,
                  "maxHeight": 12,
                  "maxWidth": 0,
                  "width": 0,
                }
              }
            />
          </View>
        </View>
      </View>
      <View
        style={
          Array [
            Object {
              "alignItems": "center",
              "flex": 1,
              "justifyContent": "center",
            },
            Object {
              "maxWidth": 186.5,
            },
          ]
        }
      >
        <View
          accessible={true}
          focusable={true}
          onClick={[Function]}
          onResponderGrant={[Function]}
          onResponderMove={[Function]}
          onResponderRelease={[Function]}
          onResponderTerminate={[Function]}
          onResponderTerminationRequest={[Function]}
          onStartShouldSetResponder={[Function]}
          style={
            Object {
              "opacity": 1,
            }
          }
        >
          <View
            style={
              Object {
                "opacity": 0,
              }
            }
          >
            <Text
              style={
                Object {
                  "color": "white",
                  "fontSize": 14,
                  "fontWeight": "bold",
                  "textTransform": "uppercase",
                }
              }
            >
              Done
            </Text>
          </View>
        </View>
      </View>
    </View>
  </View>,
]
`;
